<!DOCTYPE html>
<html lang="en-us">
  <head>
    <script async="async" src="https://www.googletagmanager.com/gtag/js?id=UA-26406144-13"></script>
    <script src="/static/js/gtag.js?hash=mocked_hash_221832925"></script>
    <meta charset="utf-8"/>
    <meta http-equiv="x-ua-compatible" content="ie=edge"/>
    <meta name="viewport" content="width=device-width, initial-scale=1"/>
    <meta name="robots" content="noindex"/>
    <meta name="twitter:card" content="summary"/>
    <meta name="twitter:site" content="@dart_lang"/>
    <meta property="og:site_name" content="Dart packages"/>
    <title>Top Dart packages</title>
    <meta property="og:title" content="Top Dart packages"/>
    <link href="https://fonts.googleapis.com/css?family=Roboto:300,400,500,700" rel="stylesheet"/>
    <meta itemprop="image" content="/static/img/dart-logo-400x400.png?hash=mocked_hash_58383222"/>
    <meta property="og:image" content="/static/img/dart-logo-400x400.png?hash=mocked_hash_58383222"/>
    <link rel="shortcut icon" href="/favicon.ico?hash=mocked_hash_985685822"/>
    <link rel="search" type="application/opensearchdescription+xml" title="Dart packages" href="/static/osd.xml?hash=mocked_hash_869379763"/>
    <meta name="description" content="Pub is the package manager for the Dart programming language, containing reusable libraries &amp; packages for Flutter, AngularDart, and general Dart programs."/>
    <meta property="og:description" content="Pub is the package manager for the Dart programming language, containing reusable libraries &amp; packages for Flutter, AngularDart, and general Dart programs."/>
    <link rel="alternate" type="application/atom+xml" title="Updated Packages Feed for Pub" href="/feed.atom"/>
    <link href="/static/material/material-components-web.min.css?hash=mocked_hash_335393842" rel="stylesheet" type="text/css"/>
    <link href="/static/highlight/github.css?hash=mocked_hash_145446167" rel="stylesheet"/>
    <link href="/static/css/github-markdown.css?hash=mocked_hash_488759485" rel="stylesheet" type="text/css"/>
    <link href="/static/css/style.css?hash=mocked_hash_537099079" rel="stylesheet" type="text/css"/>
    <script src="/static/material/material-components-web.min.js?hash=mocked_hash_942790516" defer="defer"></script>
    <script src="/static/js/script.dart.js?hash=mocked_hash_573569793" defer="defer"></script>
    <script async="async" defer="defer" src="//www.google.com/insights/consumersurveys/async_survey?site=5wdvu4vc5lhop3xbatxof6lzcm"></script>
    <meta name="google-signin-client_id" content=""/>
    <script src="https://apis.google.com/js/platform.js?onload=pubAuthInit" defer="defer"></script>
  </head>
  <body class="">
    <header class="site-header-row">
      <div class="container site-header">
        <h1 class="_visuallyhidden">Dart pub</h1>
        <button class="hamburger"></button>
        <div class="mask"></div>
        <div class="nav-wrap">
          <div class="nav-header">
            <a class="logo" href="/">
              <img src="/static/img/pub-dev-logo-2x.png?hash=mocked_hash_685890546" alt="dart pub logo"/>
            </a>
            <div class="_flex-space"></div>
            <button class="close"></button>
          </div>
          <nav class="site-nav">
            <span>Getting Started:</span>
            <div class="sub-wrap hoverable">
              <button class="button">Flutter</button>
              <div class="sub-nav">
                <a class="link" target="_blank" rel="noopener" href="https://flutter.io/using-packages/">Using packages</a>
                <a class="link" target="_blank" rel="noopener" href="https://flutter.io/developing-packages/">Developing packages and plugins</a>
                <a class="link" target="_blank" rel="noopener" href="https://dart.dev/tools/pub/publishing">Publishing a package</a>
                <a class="link" target="_blank" rel="noopener" href="https://dart.dev/tools/pub">Pub tool</a>
              </div>
            </div>
            <div class="sub-wrap hoverable">
              <button class="button">Web &amp; Server</button>
              <div class="sub-nav">
                <a class="link" target="_blank" rel="noopener" href="https://dart.dev/tools/pub/get-started">Using packages</a>
                <a class="link" target="_blank" rel="noopener" href="https://dart.dev/tools/pub/publishing">Publishing a package</a>
                <a class="link" target="_blank" rel="noopener" href="https://dart.dev/tools/pub">Pub tool</a>
              </div>
            </div>
          </nav>
        </div>
      </div>
    </header>
    <div class="_banner-bg">
      <div class="container">
        <div class="medium-banner">
          <form class="search-bar" action="/packages">
            <input class="input" name="q" placeholder="Search Dart packages" autocomplete="on" autofocus="autofocus"/>
            <button class="icon"></button>
            <input id="search-legacy-field" type="hidden" name="legacy" value="1" disabled="disabled"/>
            <input id="search-api-field" type="hidden" name="api" value="0" disabled="disabled"/>
          </form>
          <div class="search-bar-details">
            <div class="list-filters">
              <a class="filter " href="/flutter/packages">Flutter</a>
              <a class="filter " href="/web/packages">Web</a>
              <a class="filter -active" href="/packages">All</a>
            </div>
            <div class="search-bar-options">
              <input id="search-legacy-checkbox" type="checkbox" name="legacy" valye="1"/>
              <label for="search-legacy-checkbox">Include Dart 1.x results</label>
              <input id="search-api-checkbox" type="checkbox" name="api" checked="checked"/>
              <label for="search-api-checkbox"> Include API results</label>
            </div>
          </div>
        </div>
      </div>
    </div>
    <div class="container">
      <main>
        <div class="listing-sort-header">
          <div class="tooltip-base hoverable">
            <span class="tooltip-dotted">Sorted by:</span>
            <span id="sort-control" data-sort="listing_relevance">listing relevance</span>
            <div class="tooltip-content tooltip-bottom-left">
      Packages are sorted by the combination of their overall score and their specificity to the selected platform. More information on 
              <a href="/help#ranking">ranking</a>.
    
            </div>
          </div>
        </div>
        <h2 class="listing-page-title">Top Dart packages</h2>
        <ul class="package-list">
          <li class="list-item -full">
            <a href="/packages/foobar_pkg#-analysis-tab-">
              <div class="score-box">
                <span class="number -rotten" title="Analysis and more details.">0</span>
              </div>
            </a>
            <h3 class="title">
              <a href="/packages/foobar_pkg">foobar_pkg</a>
            </h3>
            <p class="description">my package description</p>
            <p class="metadata">
        v 
              <a href="/packages/foobar_pkg">0.1.1+5</a>
         / 
              <a href="/packages/foobar_pkg/versions/0.2.0-dev">0.2.0-dev</a>
        • updated: 
              <span>Jan 1, 2014</span>
              <span class="package-tag missing" title="Analysis should be ready soon.">[awaiting]</span>
            </p>
          </li>
          <li class="list-item -full">
            <a href="/packages/foobar_pkg#-analysis-tab-">
              <div class="score-box">
                <span class="number -rotten" title="Analysis and more details.">0</span>
              </div>
            </a>
            <h3 class="title">
              <a href="/packages/foobar_pkg">foobar_pkg</a>
            </h3>
            <p class="description">my package description</p>
            <p class="metadata">
        v 
              <a href="/packages/foobar_pkg">0.1.1+5</a>
         / 
              <a href="/packages/foobar_pkg/versions/0.2.0-dev">0.2.0-dev</a>
        • updated: 
              <span>Jan 1, 2015</span>
              <a class="package-tag" href="/flutter/packages" title="Compatible with the Flutter platform.">Flutter</a>
            </p>
          </li>
        </ul>
        <ul class="pagination">
          <li class="-disabled">
            <a href="">
              <span>«</span>
            </a>
          </li>
          <li class="-active">
            <a href="">
              <span>1</span>
            </a>
          </li>
          <li class="-disabled">
            <a href="">
              <span>»</span>
            </a>
          </li>
        </ul>
      </main>
    </div>
    <footer class="site-footer">
      <a class="link" href="https://dart.dev/">Dart language</a>
      <a class="link" href="https://www.google.com/intl/en/policies/terms/">Terms</a>
      <a class="link" href="https://www.google.com/intl/en/policies/privacy/">Privacy</a>
      <a class="link" href="/help">Help</a>
      <a class="link" href="/security">Security</a>
      <a class="link" href="/feed.atom">
        <img src="/static/img/atom-feed-icon-32x32.png?hash=mocked_hash_251226050" class="inline-icon"/>
      </a>
      <a class="link github_issue" href="https://github.com/dart-lang/pub-dev/issues/new">Report an issue with this site</a>
    </footer>
  </body>
</html>
