<!DOCTYPE html>
<html lang="en-us">
  <head>
    <script async="async" src="https://www.googletagmanager.com/gtag/js?id=UA-26406144-13"></script>
    <script src="/static/js/gtag.js?hash=mocked_hash_221832925"></script>
    <meta charset="utf-8"/>
    <meta http-equiv="x-ua-compatible" content="ie=edge"/>
    <meta name="viewport" content="width=device-width, initial-scale=1"/>
    <meta name="robots" content="noindex"/>
    <meta name="twitter:card" content="summary"/>
    <meta name="twitter:site" content="@dart_lang"/>
    <meta property="og:site_name" content="Dart packages"/>
    <title>foobar_pkg package - Admin</title>
    <meta property="og:title" content="foobar_pkg package - Admin"/>
    <link href="https://fonts.googleapis.com/css?family=Roboto:300,400,500,700" rel="stylesheet"/>
    <meta itemprop="image" content="/static/img/dart-logo-400x400.png?hash=mocked_hash_58383222"/>
    <meta property="og:image" content="/static/img/dart-logo-400x400.png?hash=mocked_hash_58383222"/>
    <link rel="shortcut icon" href="/favicon.ico?hash=mocked_hash_985685822"/>
    <link rel="search" type="application/opensearchdescription+xml" title="Dart packages" href="/static/osd.xml?hash=mocked_hash_869379763"/>
    <meta name="description" content="Pub is the package manager for the Dart programming language, containing reusable libraries &amp; packages for Flutter, AngularDart, and general Dart programs."/>
    <meta property="og:description" content="Pub is the package manager for the Dart programming language, containing reusable libraries &amp; packages for Flutter, AngularDart, and general Dart programs."/>
    <link rel="alternate" type="application/atom+xml" title="Updated Packages Feed for Pub" href="/feed.atom"/>
    <link href="/static/material/material-components-web.min.css?hash=mocked_hash_335393842" rel="stylesheet" type="text/css"/>
    <link href="/static/highlight/github.css?hash=mocked_hash_145446167" rel="stylesheet"/>
    <link href="/static/css/github-markdown.css?hash=mocked_hash_488759485" rel="stylesheet" type="text/css"/>
    <link href="/static/css/style.css?hash=mocked_hash_537099079" rel="stylesheet" type="text/css"/>
    <script src="/static/material/material-components-web.min.js?hash=mocked_hash_942790516" defer="defer"></script>
    <script src="/static/js/script.dart.js?hash=mocked_hash_573569793" defer="defer"></script>
    <script async="async" defer="defer" src="//www.google.com/insights/consumersurveys/async_survey?site=5wdvu4vc5lhop3xbatxof6lzcm"></script>
    <meta name="google-signin-client_id" content=""/>
    <script src="https://apis.google.com/js/platform.js?onload=pubAuthInit" defer="defer"></script>
    <meta name="pub-page-data" content="eyJwa2dEYXRhIjp7InBhY2thZ2UiOiJmb29iYXJfcGtnIiwidmVyc2lvbiI6IjAuMS4xKzUiLCJpc0Rpc2NvbnRpbnVlZCI6ZmFsc2V9fQ=="/>
  </head>
  <body class="">
    <header class="site-header-row">
      <div class="container site-header">
        <h1 class="_visuallyhidden">Dart pub</h1>
        <button class="hamburger"></button>
        <div class="mask"></div>
        <div class="nav-wrap">
          <div class="nav-header">
            <a class="logo" href="/">
              <img src="/static/img/pub-dev-logo-2x.png?hash=mocked_hash_685890546" alt="dart pub logo"/>
            </a>
            <div class="_flex-space"></div>
            <button class="close"></button>
          </div>
          <nav class="site-nav">
            <span>Getting Started:</span>
            <div class="sub-wrap hoverable">
              <button class="button">Flutter</button>
              <div class="sub-nav">
                <a class="link" target="_blank" rel="noopener" href="https://flutter.io/using-packages/">Using packages</a>
                <a class="link" target="_blank" rel="noopener" href="https://flutter.io/developing-packages/">Developing packages and plugins</a>
                <a class="link" target="_blank" rel="noopener" href="https://dart.dev/tools/pub/publishing">Publishing a package</a>
                <a class="link" target="_blank" rel="noopener" href="https://dart.dev/tools/pub">Pub tool</a>
              </div>
            </div>
            <div class="sub-wrap hoverable">
              <button class="button">Web &amp; Server</button>
              <div class="sub-nav">
                <a class="link" target="_blank" rel="noopener" href="https://dart.dev/tools/pub/get-started">Using packages</a>
                <a class="link" target="_blank" rel="noopener" href="https://dart.dev/tools/pub/publishing">Publishing a package</a>
                <a class="link" target="_blank" rel="noopener" href="https://dart.dev/tools/pub">Pub tool</a>
              </div>
            </div>
          </nav>
        </div>
      </div>
    </header>
    <div class="_banner-bg">
      <div class="container">
        <div class="small-banner">
          <form class="search-bar" action="/packages">
            <input class="input" name="q" placeholder="Search Dart packages" autocomplete="on" autofocus="autofocus"/>
            <button class="icon"></button>
          </form>
        </div>
      </div>
    </div>
    <div class="container">
      <main>
        <div class="detail-header">
          <h2 class="title">foobar_pkg 0.1.1+5</h2>
          <div class="metadata">
    
Published 
            <span>Jan 1, 2014</span>
            <!-- &bull; Downloads: X -->
  â€¢ Updated:
  
            <span>
              <a href="/packages/foobar_pkg">0.1.1+5</a>
            </span>
    /
    
            <span>
              <a href="/packages/foobar_pkg/versions/0.2.0-dev">0.2.0-dev</a>
            </span>
            <div class="tags">
              <span class="package-tag missing" title="Package version too old, check latest stable.">[outdated]</span>
            </div>
          </div>
        </div>
        <div class="detail-container">
          <ul class="detail-tabs-header">
            <li class="tab-link" data-name="-readme-tab-" role="button">
              <a href="/packages/foobar_pkg#-readme-tab-">Readme</a>
            </li>
            <li class="tab-link" data-name="-changelog-tab-" role="button">
              <a href="/packages/foobar_pkg#-changelog-tab-">Changelog</a>
            </li>
            <li class="tab-link" data-name="-example-tab-" role="button">
              <a href="/packages/foobar_pkg#-example-tab-">Example</a>
            </li>
            <li class="tab-link" data-name="-installing-tab-" role="button">
              <a href="/packages/foobar_pkg#-installing-tab-">Installing</a>
            </li>
            <li class="tab-link" data-name="-versions-tab-" role="button">
              <a href="/packages/foobar_pkg/versions">Versions</a>
            </li>
            <li class="tab-link" data-name="-analysis-tab-" role="button">
              <a href="/packages/foobar_pkg#-analysis-tab-">
                <div class="score-box">
                  <span class="number -rotten" title="Analysis and more details.">0</span>
                </div>
              </a>
            </li>
            <li class="tab-button -active" data-name="-admin-tab-" role="button">Admin</li>
          </ul>
          <div class="main detail-tabs-content">
            <section class="tab-content -active" data-name="-admin-tab-">
              <h3>Package ownership</h3>
              <div>
                <p>
    You can transfer your package to a publisher
    (if you are also an admin of the given publisher).
    The current uploaders will lose access over the package,
    and only the publisher's members  will be able to upload
    new versions.
  </p>
                <p>
                  <strong>This is an irreversible operation.</strong>
    Packages can be transferred between publishers, but can't
    be converted back to legacy-ownership per-package uploaders.
  
                </p>
                <div class="mdc-text-field mdc-text-field--outlined" data-mdc-auto-init="MDCTextField">
                  <input type="text" id="-admin-set-publisher-input" class="mdc-text-field__input"/>
                  <div class="mdc-notched-outline">
                    <div class="mdc-notched-outline__leading"></div>
                    <div class="mdc-notched-outline__notch">
                      <label for="-admin-set-publisher-input" class="mdc-floating-label">Publisher Name</label>
                    </div>
                    <div class="mdc-notched-outline__trailing"></div>
                  </div>
                </div>
                <button id="-admin-set-publisher-button" class="pub-button-danger mdc-button mdc-button--raised" data-mdc-auto-init="MDCRipple">Transfer to publisher</button>
              </div>
              <h3>Discontinued</h3>
              <div>
                <p>
    If you are no longer developing the package, you can mark it as discontinued.
    The package will still remain available, but pub site won't run analysis on it,
    and we won't display it in search results.
  </p>
                <p>
                  <button id="-admin-is-discontinued-toggle" class="mdc-button mdc-button--raised" data-mdc-auto-init="MDCRipple">Mark as "discontinued"</button>
                </p>
              </div>
            </section>
          </div>
          <aside class="detail-info-box">
            <h3 class="title">About</h3>
            <p>my package description</p>
            <p>
              <a class="link" href="http://hans.juergen.com">Homepage</a>
              <br/>
              <a class="link" href="/documentation/foobar_pkg/latest/">API reference</a>
              <br/>
            </p>
            <h3 class="title">Author</h3>
            <div>
              <span class="author">
                <a href="mailto:hans@juergen.com" title="Email hans@juergen.com">
                  <i class="email-icon"></i>
                </a>
                <a href="/packages?q=email%3Ahans%40juergen.com" title="Search packages with hans@juergen.com" rel="nofollow">
                  <i class="search-icon"></i>
                </a> Hans Juergen
              </span>
            </div>
            <h3 class="title">Uploader</h3>
            <p>
              <span class="author">
                <a href="mailto:hans@juergen.com" title="Email hans@juergen.com">
                  <i class="email-icon"></i>
                </a>
                <a href="/packages?q=email%3Ahans%40juergen.com" title="Search packages with hans@juergen.com" rel="nofollow">
                  <i class="search-icon"></i>
                </a> hans@juergen.com
              </span>
            </p>
            <h3 class="title">More</h3>
            <p>
              <a href="/packages?q=dependency%3Afoobar_pkg" rel="nofollow">Packages that depend on foobar_pkg</a>
            </p>
          </aside>
        </div>
      </main>
    </div>
    <footer class="site-footer">
      <a class="link" href="https://dart.dev/">Dart language</a>
      <a class="link" href="https://www.google.com/intl/en/policies/terms/">Terms</a>
      <a class="link" href="https://www.google.com/intl/en/policies/privacy/">Privacy</a>
      <a class="link" href="/help">Help</a>
      <a class="link" href="/security">Security</a>
      <a class="link" href="/feed.atom">
        <img src="/static/img/atom-feed-icon-32x32.png?hash=mocked_hash_251226050" class="inline-icon"/>
      </a>
      <a class="link github_issue" href="https://github.com/dart-lang/pub-dev/issues/new">Report an issue with this site</a>
    </footer>
    <script src="/static/highlight/highlight.pack.js?hash=mocked_hash_252154265"></script>
    <script src="/static/highlight/init.js?hash=mocked_hash_180963889"></script>
  </body>
</html>
